// Jest Snapshot v1, https://goo.gl/fbAQLP

exports[`Prueba de test para el componente de HookApp El componente HookApp se tiene que renderizar correctamente 1`] = `
<div>
  HookApp
</div>
`;
