// Jest Snapshot v1, https://goo.gl/fbAQLP

exports[`Pruebas para el componente de Todo debe renderizar correctamente 1`] = `
<Fragment>
  <li
    className="list-group-item d-flex justify-content-between align-items-start"
  >
    <div
      className="ms-2 me-auto"
    >
      <div
        className="fw-bold text-decoration-line-through"
      >
        Learnig react
      </div>
      <span
        className="text-decoration-line-through"
      >
        Study react hooks (useReducer)
      </span>
    </div>
    <input
      checked={true}
      className="form-check-input p-3 bg-primary rounded-pill  "
      id="flexCheckChecked"
      onChange={[Function]}
      style={
        Object {
          "cursor": "pointer",
        }
      }
      type="checkbox"
    />
    <button
      className="btn ms-3 btn-outline-danger  false"
      onClick={[Function]}
    >
      Delete
    </button>
  </li>
</Fragment>
`;
